{
    "sarscov2 - fastq - gtf": {
        "content": [
            [
                [
                    {
                        "id": "test",
                        "single_end": false
                    },
                    "genome_transcriptome.fasta:md5,6a20c1a2e465519320a0d01f338f5cb5"
                ]
            ],
            [
                [
                    {
                        "id": "test",
                        "single_end": false
                    },
                    "genome_transcriptome.gtf:md5,bc88d95e7f27540e6b9906105d5be361"
                ]
            ],
            [
                "versions.yml:md5,43d9272710144c4dbe5181d36e4f2254"
            ]
        ],
        "meta": {
            "nf-test": "0.9.3",
            "nextflow": "25.10.2"
        },
        "timestamp": "2026-01-22T16:46:20.814604215"
    },
    "sarscov2 - fastq - gtf - stub": {
        "content": [
            {
                "0": [
                    [
                        {
                            "id": "test",
                            "single_end": false
                        },
                        "test.fasta:md5,d41d8cd98f00b204e9800998ecf8427e"
                    ]
                ],
                "1": [
                    [
                        {
                            "id": "test",
                            "single_end": false
                        },
                        "test.gtf:md5,d41d8cd98f00b204e9800998ecf8427e"
                    ]
                ],
                "2": [
                    "versions.yml:md5,1fe5ffe4509afb03b414124272138a00"
                ],
                "fasta": [
                    [
                        {
                            "id": "test",
                            "single_end": false
                        },
                        "test.fasta:md5,d41d8cd98f00b204e9800998ecf8427e"
                    ]
                ],
                "gtf": [
                    [
                        {
                            "id": "test",
                            "single_end": false
                        },
                        "test.gtf:md5,d41d8cd98f00b204e9800998ecf8427e"
                    ]
                ],
                "versions": [
                    "versions.yml:md5,1fe5ffe4509afb03b414124272138a00"
                ]
            }
        ],
        "meta": {
            "nf-test": "0.9.3",
            "nextflow": "25.10.2"
        },
        "timestamp": "2026-01-22T16:47:01.740655359"
    }
}